// Jest Snapshot v1, https://goo.gl/fbAQLP

exports[`<Slot /> should render the Slot component 1`] = `
.c0 {
  width: 20rem;
  height: 3rem;
  border: 5px solid #000;
  border-radius: 5px;
  display: -webkit-box;
  display: -webkit-flex;
  display: -ms-flexbox;
  display: flex;
}

.c0 > div:first-child {
  border-right: 5px solid #000;
  width: 15rem;
}

.c1 {
  width: 10rem;
  display: -webkit-box;
  display: -webkit-flex;
  display: -ms-flexbox;
  display: flex;
  -webkit-flex-wrap: wrap;
  -ms-flex-wrap: wrap;
  flex-wrap: wrap;
  -webkit-align-items: center;
  -webkit-box-align: center;
  -ms-flex-align: center;
  align-items: center;
  -webkit-box-pack: space-evenly;
  -webkit-justify-content: space-evenly;
  -ms-flex-pack: space-evenly;
  justify-content: space-evenly;
}

.c2 {
  width: 1rem;
  height: 1rem;
  border-radius: 50%;
  background-color: #000;
}

<div
  class="c0"
>
  <div
    class="c1"
  >
    <div
      class="c2"
    />
    <div
      class="c2"
    />
    <div
      class="c2"
    />
    <div
      class="c2"
    />
  </div>
  <div
    class="c1"
  >
    <div
      class="c2"
    />
    <div
      class="c2"
    />
    <div
      class="c2"
    />
  </div>
</div>
`
