// Jest Snapshot v1, https://goo.gl/fbAQLP

exports[`<Multitap /> should render the Multitap component 1`] = `
.c1 {
  width: 20rem;
  height: 3rem;
  border: 5px solid #000;
  border-radius: 5px;
  display: -webkit-box;
  display: -webkit-flex;
  display: -ms-flexbox;
  display: flex;
}

.c1 > div:first-child {
  border-right: 5px solid #000;
  width: 15rem;
}

.c2 {
  width: 10rem;
  display: -webkit-box;
  display: -webkit-flex;
  display: -ms-flexbox;
  display: flex;
  -webkit-flex-wrap: wrap;
  -ms-flex-wrap: wrap;
  flex-wrap: wrap;
  -webkit-align-items: center;
  -webkit-box-align: center;
  -ms-flex-align: center;
  align-items: center;
  -webkit-box-pack: space-evenly;
  -webkit-justify-content: space-evenly;
  -ms-flex-pack: space-evenly;
  justify-content: space-evenly;
}

.c3 {
  width: 1rem;
  height: 1rem;
  border-radius: 50%;
  background-color: #000;
}

.c0 {
  width: 100%;
  border: 6px solid #000;
  height: 15rem;
  border-radius: 5px;
  background-color: #ccc;
  display: -webkit-box;
  display: -webkit-flex;
  display: -ms-flexbox;
  display: flex;
  -webkit-flex-wrap: wrap;
  -ms-flex-wrap: wrap;
  flex-wrap: wrap;
  -webkit-align-items: center;
  -webkit-box-align: center;
  -ms-flex-align: center;
  align-items: center;
  -webkit-box-pack: space-evenly;
  -webkit-justify-content: space-evenly;
  -ms-flex-pack: space-evenly;
  justify-content: space-evenly;
}

<div
  class=""
>
  <div
    class="c0"
  >
    <div
      class="c1"
    >
      <div
        class="c2"
      >
        <div
          class="c3"
        />
        <div
          class="c3"
        />
        <div
          class="c3"
        />
        <div
          class="c3"
        />
      </div>
      <div
        class="c2"
      >
        <div
          class="c3"
        />
        <div
          class="c3"
        />
        <div
          class="c3"
        />
      </div>
    </div>
    <div
      class="c1"
    >
      <div
        class="c2"
      >
        <div
          class="c3"
        />
        <div
          class="c3"
        />
        <div
          class="c3"
        />
        <div
          class="c3"
        />
      </div>
      <div
        class="c2"
      >
        <div
          class="c3"
        />
        <div
          class="c3"
        />
        <div
          class="c3"
        />
      </div>
    </div>
    <div
      class="c1"
    >
      <div
        class="c2"
      >
        <div
          class="c3"
        />
        <div
          class="c3"
        />
        <div
          class="c3"
        />
        <div
          class="c3"
        />
      </div>
      <div
        class="c2"
      >
        <div
          class="c3"
        />
        <div
          class="c3"
        />
        <div
          class="c3"
        />
      </div>
    </div>
    <div
      class="c1"
    >
      <div
        class="c2"
      >
        <div
          class="c3"
        />
        <div
          class="c3"
        />
        <div
          class="c3"
        />
        <div
          class="c3"
        />
      </div>
      <div
        class="c2"
      >
        <div
          class="c3"
        />
        <div
          class="c3"
        />
        <div
          class="c3"
        />
      </div>
    </div>
    <div
      class="c1"
    >
      <div
        class="c2"
      >
        <div
          class="c3"
        />
        <div
          class="c3"
        />
        <div
          class="c3"
        />
        <div
          class="c3"
        />
      </div>
      <div
        class="c2"
      >
        <div
          class="c3"
        />
        <div
          class="c3"
        />
        <div
          class="c3"
        />
      </div>
    </div>
  </div>
</div>
`
